0 verbose cli /usr/local/bin/node /usr/local/bin/npm
1 info using npm@11.12.1
2 info using node@v24.13.1
3 silly config load:file:/usr/local/lib/node_modules/npm/npmrc
4 silly config load:file:/Users/simonbitton/Library/CloudStorage/GoogleDrive-simon.bitton.fr@gmail.com/Mon Drive/Bidouillage/Programmation/Histoiren/.npmrc
5 silly config load:file:/Users/simonbitton/.npmrc
6 silly config load:file:/usr/local/etc/npmrc
7 verbose title npm install
8 verbose argv "install" "--no-audit" "--no-fund" "--unsafe-perm" "--cache" "./.npm-cache" "--loglevel" "warn"
9 verbose logfile logs-max:10 dir:/Users/simonbitton/Library/CloudStorage/GoogleDrive-simon.bitton.fr@gmail.com/Mon Drive/Bidouillage/Programmation/Histoiren/.npm-cache/_logs/2026-04-24T11_40_50_748Z-
10 verbose logfile /Users/simonbitton/Library/CloudStorage/GoogleDrive-simon.bitton.fr@gmail.com/Mon Drive/Bidouillage/Programmation/Histoiren/.npm-cache/_logs/2026-04-24T11_40_50_748Z-debug-0.log
11 warn Unknown cli config "--unsafe-perm". This will stop working in the next major version of npm.
12 silly logfile done cleaning log files
13 silly packumentCache heap:4496293888 maxSize:1124073472 maxEntrySize:562036736
14 silly idealTree buildDeps
15 silly fetch manifest playwright@^1.35.0
16 silly packumentCache full:https://registry.npmjs.org/playwright cache-miss
17 http fetch GET 200 https://registry.npmjs.org/npm 275ms
18 http fetch GET 200 https://registry.npmjs.org/playwright 511ms (cache miss)
19 silly packumentCache full:https://registry.npmjs.org/playwright set size:undefined disposed:false
20 silly placeDep ROOT playwright@1.59.1 OK for: histoiren@0.1.0 want: ^1.35.0
21 silly fetch manifest playwright-core@1.59.1
22 silly packumentCache full:https://registry.npmjs.org/playwright-core cache-miss
23 silly fetch manifest fsevents@2.3.2
24 silly packumentCache full:https://registry.npmjs.org/fsevents cache-miss
25 http fetch GET 200 https://registry.npmjs.org/fsevents 111ms (cache miss)
26 silly packumentCache full:https://registry.npmjs.org/fsevents set size:undefined disposed:false
27 http fetch GET 200 https://registry.npmjs.org/playwright-core 388ms (cache miss)
28 silly packumentCache full:https://registry.npmjs.org/playwright-core set size:undefined disposed:false
29 silly placeDep ROOT fsevents@2.3.2 OK for: playwright@1.59.1 want: 2.3.2
30 silly placeDep ROOT playwright-core@1.59.1 OK for: playwright@1.59.1 want: 1.59.1
31 silly reify moves {}
32 http cache playwright-core@https://registry.npmjs.org/playwright-core/-/playwright-core-1.59.1.tgz 0ms (cache hit)
33 http cache playwright@https://registry.npmjs.org/playwright/-/playwright-1.59.1.tgz 0ms (cache hit)
34 http cache fsevents@https://registry.npmjs.org/fsevents/-/fsevents-2.3.2.tgz 0ms (cache hit)
35 silly tarball no local data for playwright-core@https://registry.npmjs.org/playwright-core/-/playwright-core-1.59.1.tgz. Extracting by manifest.
36 silly tarball no local data for playwright@https://registry.npmjs.org/playwright/-/playwright-1.59.1.tgz. Extracting by manifest.
37 silly tarball no local data for fsevents@https://registry.npmjs.org/fsevents/-/fsevents-2.3.2.tgz. Extracting by manifest.
38 http fetch GET 200 https://registry.npmjs.org/playwright/-/playwright-1.59.1.tgz 194ms (cache miss)
39 http fetch GET 200 https://registry.npmjs.org/fsevents/-/fsevents-2.3.2.tgz 246ms (cache miss)
40 http fetch GET 200 https://registry.npmjs.org/playwright-core/-/playwright-core-1.59.1.tgz 281ms (cache miss)
41 info run fsevents@2.3.2 install node_modules/fsevents node-gyp rebuild
42 info run fsevents@2.3.2 install { code: 1, signal: null }
43 verbose reify failed optional dependency /Users/simonbitton/Library/CloudStorage/GoogleDrive-simon.bitton.fr@gmail.com/Mon Drive/Bidouillage/Programmation/Histoiren/node_modules/fsevents
44 silly reify mark deleted [
44 silly reify   '/Users/simonbitton/Library/CloudStorage/GoogleDrive-simon.bitton.fr@gmail.com/Mon Drive/Bidouillage/Programmation/Histoiren/node_modules/fsevents'
44 silly reify ]
45 silly ADD node_modules/playwright-core
46 silly ADD
47 silly ADD node_modules/playwright
48 verbose cwd /Users/simonbitton/Library/CloudStorage/GoogleDrive-simon.bitton.fr@gmail.com/Mon Drive/Bidouillage/Programmation/Histoiren
49 verbose os Darwin 25.3.0
50 verbose node v24.13.1
51 verbose npm  v11.12.1
52 notice
52 notice New [33mminor[39m version of npm available! [33m11.12.1[39m -> [34m11.13.0[39m
52 notice Changelog: [34mhttps://github.com/npm/cli/releases/tag/v11.13.0[39m
52 notice To update run: [4mnpm install -g npm@11.13.0[24m
52 notice  { force: true, Symbol(proc-log.meta): true }
53 verbose exit 0
54 info ok
